
> solution-zone@0.1.0 build
> next build --turbopack

   ▲ Next.js 15.5.6 (Turbopack)

   Creating an optimized production build ...
 ✓ Finished writing to disk in 43ms
 ✓ Compiled successfully in 1865ms
   Linting and checking validity of types ...

Failed to compile.

./app/contact/page.tsx
48:37  Error: Unexpected any. Specify a different type.  @typescript-eslint/no-explicit-any

info  - Need to disable some ESLint rules? Learn more here: https://nextjs.org/docs/app/api-reference/config/eslint#disabling-rules
